{"tool":"phpunit","result":"failed","tests":1,"passed":0,"assertions":2,"duration_ms":12352,"failed":1,"failures":[{"test":"Tests\\Feature\\WidgetGatewayTest::test_visitor_can_send_message_and_receive_ai_reply","file":"D:\\xampp\\htdocs\\ai_counsellor\\tests\\Feature\\WidgetGatewayTest.php","line":71,"message":"Expected response status code [200] but received 500.\nFailed asserting that 500 is identical to 200.\r\n\r\nThe following exception occurred during the last request:\n\nRuntimeException: Failed to resolve usage counter after unique constraint conflict. in D:\\xampp\\htdocs\\ai_counsellor\\app\\Services\\Billing\\UsageTrackingService.php:129\nStack trace:\n#0 D:\\xampp\\htdocs\\ai_counsellor\\app\\Services\\Billing\\UsageTrackingService.php(62): App\\Services\\Billing\\UsageTrackingService->lockedCounter(Object(App\\Models\\Tenant), Object(App\\Enums\\Billing\\UsageMetric), Array)\n#1 D:\\xampp\\htdocs\\ai_counsellor\\vendor\\laravel\\framework\\src\\Illuminate\\Database\\Concerns\\ManagesTransactions.php(35): App\\Services\\Billing\\UsageTrackingService->App\\Services\\Billing\\{closure}(Object(Illuminate\\Database\\SQLiteConnection))\n#2 D:\\xampp\\htdocs\\ai_counsellor\\vendor\\laravel\\framework\\src\\Illuminate\\Database\\DatabaseManager.php(496): Illuminate\\Database\\Connection->transaction(Object(Closure))\n#3 D:\\xampp\\htdocs\\ai_counsellor\\vendor\\laravel\\framework\\src\\Illuminate\\Support\\Facades\\Facade.php(363): Illuminate\\Database\\DatabaseManager->__call('transaction', Array)\n#4 D:\\xampp\\htdocs\\ai_counsellor\\app\\Services\\Billing\\UsageTrackingService.php(61): Illuminate\\Support\\Facades\\Facade::__callStatic('transaction', Array)\n#5 D:\\xampp\\htdocs\\ai_counsellor\\app\\Services\\Widget\\ConversationService.php(126): App\\Services\\Billing\\UsageTrackingService->confirmReservation(Object(App\\Models\\Tenant), Object(App\\Enums\\Billing\\UsageMetric), Object(App\\Models\\Subscription))\n#6 D:\\xampp\\htdocs\\ai_counsellor\\app\\Http\\Controllers\\Widget\\WidgetGatewayController.php(130): App\\Services\\Widget\\ConversationService->addVisitorMessage(Object(App\\Models\\WidgetSession), 'Hello there', NULL)\n#7 D:\\xampp\\htdocs\\ai_counsellor\\vendor\\laravel\\framework\\src\\Illuminate\\Routing\\ControllerDispatcher.php(46): App\\Http\\Controllers\\Widget\\WidgetGatewayController->sendMessage(Object(Illuminate\\Http\\Request))\n#8 D:\\xampp\\htdocs\\ai_counsellor\\vendor\\laravel\\framework\\src\\Illuminate\\Routing\\Route.php(275): Illuminate\\Routing\\ControllerDispatcher->dispatch(Object(Illuminate\\Routing\\Route), Object(App\\Http\\Controllers\\Widget\\WidgetGatewayController), 'sendMessage')\n#9 D:\\xampp\\htdocs\\ai_counsellor\\vendor\\laravel\\framework\\src\\Illuminate\\Routing\\Route.php(215): Illuminate\\Routing\\Route->runController()\n#10 D:\\xampp\\htdocs\\ai_counsellor\\vendor\\laravel\\framework\\src\\Illuminate\\Routing\\Router.php(822): Illuminate\\Routing\\Route->run()\n#11 D:\\xampp\\htdocs\\ai_counsellor\\vendor\\laravel\\framework\\src\\Illuminate\\Pipeline\\Pipeline.php(180): Illuminate\\Routing\\Router->Illuminate\\Routing\\{closure}(Object(Illuminate\\Http\\Request))\n#12 D:\\xampp\\htdocs\\ai_counsellor\\app\\Http\\Middleware\\ResolveWidgetSession.php(57): Illuminate\\Pipeline\\Pipeline->Illuminate\\Pipeline\\{closure}(Object(Illuminate\\Http\\Request))\n#13 D:\\xampp\\htdocs\\ai_counsellor\\vendor\\laravel\\framework\\src\\Illuminate\\Pipeline\\Pipeline.php(219): App\\Http\\Middleware\\ResolveWidgetSession->handle(Object(Illuminate\\Http\\Request), Object(Closure))\n#14 D:\\xampp\\htdocs\\ai_counsellor\\app\\Http\\Middleware\\HandleWidgetCors.php(17): Illuminate\\Pipeline\\Pipeline->Illuminate\\Pipeline\\{closure}(Object(Illuminate\\Http\\Request))\n#15 D:\\xampp\\htdocs\\ai_counsellor\\vendor\\laravel\\framework\\src\\Illuminate\\Pipeline\\Pipeline.php(219): App\\Http\\Middleware\\HandleWidgetCors->handle(Object(Illuminate\\Http\\Request), Object(Closure))\n#16 D:\\xampp\\htdocs\\ai_counsellor\\vendor\\laravel\\framework\\src\\Illuminate\\Routing\\Middleware\\SubstituteBindings.php(52): Illuminate\\Pipeline\\Pipeline->Illuminate\\Pipeline\\{closure}(Object(Illuminate\\Http\\Request))\n#17 D:\\xampp\\htdocs\\ai_counsellor\\vendor\\laravel\\framework\\src\\Illuminate\\Pipeline\\Pipeline.php(219): Illuminate\\Routing\\Middleware\\SubstituteBindings->handle(Object(Illuminate\\Http\\Request), Object(Closure))\n#18 D:\\xampp\\htdocs\\ai_counsellor\\vendor\\laravel\\framework\\src\\Illuminate\\Routing\\Middleware\\ThrottleRequests.php(168): Illuminate\\Pipeline\\Pipeline->Illuminate\\Pipeline\\{closure}(Object(Illuminate\\Http\\Request))\n#19 D:\\xampp\\htdocs\\ai_counsellor\\vendor\\laravel\\framework\\src\\Illuminate\\Routing\\Middleware\\ThrottleRequests.php(93): Illuminate\\Routing\\Middleware\\ThrottleRequests->handleRequest(Object(Illuminate\\Http\\Request), Object(Closure), Array)\n#20 D:\\xampp\\htdocs\\ai_counsellor\\vendor\\laravel\\framework\\src\\Illuminate\\Pipeline\\Pipeline.php(219): Illuminate\\Routing\\Middleware\\ThrottleRequests->handle(Object(Illuminate\\Http\\Request), Object(Closure), '30', '1')\n#21 D:\\xampp\\htdocs\\ai_counsellor\\app\\Http\\Middleware\\ClearTenantContext.php(18): Illuminate\\Pipeline\\Pipeline->Illuminate\\Pipeline\\{closure}(Object(Illuminate\\Http\\Request))\n#22 D:\\xampp\\htdocs\\ai_counsellor\\vendor\\laravel\\framework\\src\\Illuminate\\Pipeline\\Pipeline.php(219): App\\Http\\Middleware\\ClearTenantContext->handle(Object(Illuminate\\Http\\Request), Object(Closure))\n#23 D:\\xampp\\htdocs\\ai_counsellor\\vendor\\laravel\\framework\\src\\Illuminate\\Pipeline\\Pipeline.php(137): Illuminate\\Pipeline\\Pipeline->Illuminate\\Pipeline\\{closure}(Object(Illuminate\\Http\\Request))\n#24 D:\\xampp\\htdocs\\ai_counsellor\\vendor\\laravel\\framework\\src\\Illuminate\\Routing\\Router.php(821): Illuminate\\Pipeline\\Pipeline->then(Object(Closure))\n#25 D:\\xampp\\htdocs\\ai_counsellor\\vendor\\laravel\\framework\\src\\Illuminate\\Routing\\Router.php(800): Illuminate\\Routing\\Router->runRouteWithinStack(Object(Illuminate\\Routing\\Route), Object(Illuminate\\Http\\Request))\n#26 D:\\xampp\\htdocs\\ai_counsellor\\vendor\\laravel\\framework\\src\\Illuminate\\Routing\\Router.php(764): Illuminate\\Routing\\Router->runRoute(Object(Illuminate\\Http\\Request), Object(Illuminate\\Routing\\Route))\n#27 D:\\xampp\\htdocs\\ai_counsellor\\vendor\\laravel\\framework\\src\\Illuminate\\Routing\\Router.php(753): Illuminate\\Routing\\Router->dispatchToRoute(Object(Illuminate\\Http\\Request))\n#28 D:\\xampp\\htdocs\\ai_counsellor\\vendor\\laravel\\framework\\src\\Illuminate\\Foundation\\Http\\Kernel.php(200): Illuminate\\Routing\\Router->dispatch(Object(Illuminate\\Http\\Request))\n#29 D:\\xampp\\htdocs\\ai_counsellor\\vendor\\laravel\\framework\\src\\Illuminate\\Pipeline\\Pipeline.php(180): Illuminate\\Foundation\\Http\\Kernel->Illuminate\\Foundation\\Http\\{closure}(Object(Illuminate\\Http\\Request))\n#30 D:\\xampp\\htdocs\\ai_counsellor\\vendor\\livewire\\livewire\\src\\Features\\SupportDisablingBackButtonCache\\DisableBackButtonCacheMiddleware.php(19): Illuminate\\Pipeline\\Pipeline->Illuminate\\Pipeline\\{closure}(Object(Illuminate\\Http\\Request))\n#31 D:\\xampp\\htdocs\\ai_counsellor\\vendor\\laravel\\framework\\src\\Illuminate\\Pipeline\\Pipeline.php(219): Livewire\\Features\\SupportDisablingBackButtonCache\\DisableBackButtonCacheMiddleware->handle(Object(Illuminate\\Http\\Request), Object(Closure))\n#32 D:\\xampp\\htdocs\\ai_counsellor\\vendor\\laravel\\framework\\src\\Illuminate\\Foundation\\Http\\Middleware\\TransformsRequest.php(21): Illuminate\\Pipeline\\Pipeline->Illuminate\\Pipeline\\{closure}(Object(Illuminate\\Http\\Request))\n#33 D:\\xampp\\htdocs\\ai_counsellor\\vendor\\laravel\\framework\\src\\Illuminate\\Foundation\\Http\\Middleware\\ConvertEmptyStringsToNull.php(31): Illuminate\\Foundation\\Http\\Middleware\\TransformsRequest->handle(Object(Illuminate\\Http\\Request), Object(Closure))\n#34 D:\\xampp\\htdocs\\ai_counsellor\\vendor\\laravel\\framework\\src\\Illuminate\\Pipeline\\Pipeline.php(219): Illuminate\\Foundation\\Http\\Middleware\\ConvertEmptyStringsToNull->handle(Object(Illuminate\\Http\\Request), Object(Closure))\n#35 D:\\xampp\\htdocs\\ai_counsellor\\vendor\\laravel\\framework\\src\\Illuminate\\Foundation\\Http\\Middleware\\TransformsRequest.php(21): Illuminate\\Pipeline\\Pipeline->Illuminate\\Pipeline\\{closure}(Object(Illuminate\\Http\\Request))\n#36 D:\\xampp\\htdocs\\ai_counsellor\\vendor\\laravel\\framework\\src\\Illuminate\\Foundation\\Http\\Middleware\\TrimStrings.php(51): Illuminate\\Foundation\\Http\\Middleware\\TransformsRequest->handle(Object(Illuminate\\Http\\Request), Object(Closure))\n#37 D:\\xampp\\htdocs\\ai_counsellor\\vendor\\laravel\\framework\\src\\Illuminate\\Pipeline\\Pipeline.php(219): Illuminate\\Foundation\\Http\\Middleware\\TrimStrings->handle(Object(Illuminate\\Http\\Request), Object(Closure))\n#38 D:\\xampp\\htdocs\\ai_counsellor\\vendor\\laravel\\framework\\src\\Illuminate\\Http\\Middleware\\ValidatePostSize.php(27): Illuminate\\Pipeline\\Pipeline->Illuminate\\Pipeline\\{closure}(Object(Illuminate\\Http\\Request))\n#39 D:\\xampp\\htdocs\\ai_counsellor\\vendor\\laravel\\framework\\src\\Illuminate\\Pipeline\\Pipeline.php(219): Illuminate\\Http\\Middleware\\ValidatePostSize->handle(Object(Illuminate\\Http\\Request), Object(Closure))\n#40 D:\\xampp\\htdocs\\ai_counsellor\\vendor\\laravel\\framework\\src\\Illuminate\\Foundation\\Http\\Middleware\\PreventRequestsDuringMaintenance.php(109): Illuminate\\Pipeline\\Pipeline->Illuminate\\Pipeline\\{closure}(Object(Illuminate\\Http\\Request))\n#41 D:\\xampp\\htdocs\\ai_counsellor\\vendor\\laravel\\framework\\src\\Illuminate\\Pipeline\\Pipeline.php(219): Illuminate\\Foundation\\Http\\Middleware\\PreventRequestsDuringMaintenance->handle(Object(Illuminate\\Http\\Request), Object(Closure))\n#42 D:\\xampp\\htdocs\\ai_counsellor\\vendor\\laravel\\framework\\src\\Illuminate\\Http\\Middleware\\HandleCors.php(61): Illuminate\\Pipeline\\Pipeline->Illuminate\\Pipeline\\{closure}(Object(Illuminate\\Http\\Request))\n#43 D:\\xampp\\htdocs\\ai_counsellor\\vendor\\laravel\\framework\\src\\Illuminate\\Pipeline\\Pipeline.php(219): Illuminate\\Http\\Middleware\\HandleCors->handle(Object(Illuminate\\Http\\Request), Object(Closure))\n#44 D:\\xampp\\htdocs\\ai_counsellor\\vendor\\laravel\\framework\\src\\Illuminate\\Http\\Middleware\\TrustProxies.php(58): Illuminate\\Pipeline\\Pipeline->Illuminate\\Pipeline\\{closure}(Object(Illuminate\\Http\\Request))\n#45 D:\\xampp\\htdocs\\ai_counsellor\\vendor\\laravel\\framework\\src\\Illuminate\\Pipeline\\Pipeline.php(219): Illuminate\\Http\\Middleware\\TrustProxies->handle(Object(Illuminate\\Http\\Request), Object(Closure))\n#46 D:\\xampp\\htdocs\\ai_counsellor\\vendor\\laravel\\framework\\src\\Illuminate\\Foundation\\Http\\Middleware\\InvokeDeferredCallbacks.php(22): Illuminate\\Pipeline\\Pipeline->Illuminate\\Pipeline\\{closure}(Object(Illuminate\\Http\\Request))\n#47 D:\\xampp\\htdocs\\ai_counsellor\\vendor\\laravel\\framework\\src\\Illuminate\\Pipeline\\Pipeline.php(219): Illuminate\\Foundation\\Http\\Middleware\\InvokeDeferredCallbacks->handle(Object(Illuminate\\Http\\Request), Object(Closure))\n#48 D:\\xampp\\htdocs\\ai_counsellor\\vendor\\laravel\\framework\\src\\Illuminate\\Http\\Middleware\\ValidatePathEncoding.php(28): Illuminate\\Pipeline\\Pipeline->Illuminate\\Pipeline\\{closure}(Object(Illuminate\\Http\\Request))\n#49 D:\\xampp\\htdocs\\ai_counsellor\\vendor\\laravel\\framework\\src\\Illuminate\\Pipeline\\Pipeline.php(219): Illuminate\\Http\\Middleware\\ValidatePathEncoding->handle(Object(Illuminate\\Http\\Request), Object(Closure))\n#50 D:\\xampp\\htdocs\\ai_counsellor\\vendor\\laravel\\framework\\src\\Illuminate\\Pipeline\\Pipeline.php(137): Illuminate\\Pipeline\\Pipeline->Illuminate\\Pipeline\\{closure}(Object(Illuminate\\Http\\Request))\n#51 D:\\xampp\\htdocs\\ai_counsellor\\vendor\\laravel\\framework\\src\\Illuminate\\Foundation\\Http\\Kernel.php(175): Illuminate\\Pipeline\\Pipeline->then(Object(Closure))\n#52 D:\\xampp\\htdocs\\ai_counsellor\\vendor\\laravel\\framework\\src\\Illuminate\\Foundation\\Http\\Kernel.php(144): Illuminate\\Foundation\\Http\\Kernel->sendRequestThroughRouter(Object(Illuminate\\Http\\Request))\n#53 D:\\xampp\\htdocs\\ai_counsellor\\vendor\\laravel\\framework\\src\\Illuminate\\Foundation\\Testing\\Concerns\\MakesHttpRequests.php(607): Illuminate\\Foundation\\Http\\Kernel->handle(Object(Illuminate\\Http\\Request))\n#54 D:\\xampp\\htdocs\\ai_counsellor\\vendor\\laravel\\framework\\src\\Illuminate\\Foundation\\Testing\\Concerns\\MakesHttpRequests.php(573): Illuminate\\Foundation\\Testing\\TestCase->call('POST', '/widget/v1/mess..', Array, Array, Array, Array, '{\"body\":\"Hello ..')\n#55 D:\\xampp\\htdocs\\ai_counsellor\\vendor\\laravel\\framework\\src\\Illuminate\\Foundation\\Testing\\Concerns\\MakesHttpRequests.php(411): Illuminate\\Foundation\\Testing\\TestCase->json('POST', '/widget/v1/mess..', Array, Array, 0)\n#56 D:\\xampp\\htdocs\\ai_counsellor\\tests\\Feature\\WidgetGatewayTest.php(83): Illuminate\\Foundation\\Testing\\TestCase->postJson('/widget/v1/mess..', Array, Array)\n#57 D:\\xampp\\htdocs\\ai_counsellor\\vendor\\phpunit\\phpunit\\src\\Framework\\TestCase.php(1318): Tests\\Feature\\WidgetGatewayTest->test_visitor_can_send_message_and_receive_ai_reply()\n#58 D:\\xampp\\htdocs\\ai_counsellor\\vendor\\phpunit\\phpunit\\src\\Framework\\TestCase.php(1355): PHPUnit\\Framework\\TestCase->invokeTestMethod('test_visitor_ca..', Array)\n#59 D:\\xampp\\htdocs\\ai_counsellor\\vendor\\phpunit\\phpunit\\src\\Framework\\TestCase.php(521): PHPUnit\\Framework\\TestCase->runTest()\n#60 D:\\xampp\\htdocs\\ai_counsellor\\vendor\\phpunit\\phpunit\\src\\Framework\\TestRunner\\TestRunner.php(99): PHPUnit\\Framework\\TestCase->runBare()\n#61 D:\\xampp\\htdocs\\ai_counsellor\\vendor\\phpunit\\phpunit\\src\\Framework\\TestCase.php(361): PHPUnit\\Framework\\TestRunner->run(Object(Tests\\Feature\\WidgetGatewayTest))\n#62 D:\\xampp\\htdocs\\ai_counsellor\\vendor\\phpunit\\phpunit\\src\\Framework\\TestSuite.php(374): PHPUnit\\Framework\\TestCase->run()\n#63 D:\\xampp\\htdocs\\ai_counsellor\\vendor\\phpunit\\phpunit\\src\\Framework\\TestSuite.php(374): PHPUnit\\Framework\\TestSuite->run()\n#64 D:\\xampp\\htdocs\\ai_counsellor\\vendor\\phpunit\\phpunit\\src\\Framework\\TestSuite.php(374): PHPUnit\\Framework\\TestSuite->run()\n#65 D:\\xampp\\htdocs\\ai_counsellor\\vendor\\phpunit\\phpunit\\src\\TextUI\\TestRunner.php(64): PHPUnit\\Framework\\TestSuite->run()\n#66 D:\\xampp\\htdocs\\ai_counsellor\\vendor\\phpunit\\phpunit\\src\\TextUI\\Application.php(229): PHPUnit\\TextUI\\TestRunner->run(Object(PHPUnit\\TextUI\\Configuration\\Configuration), Object(PHPUnit\\Runner\\ResultCache\\DefaultResultCache), Object(PHPUnit\\Framework\\TestSuite))\n#67 D:\\xampp\\htdocs\\ai_counsellor\\vendor\\phpunit\\phpunit\\phpunit(104): PHPUnit\\TextUI\\Application->run(Array)\n#68 {main}\n\n----------------------------------------------------------------------------------\n\nFailed to resolve usage counter after unique constraint conflict."}]}
